******************************************************************************
                  TI ARM Linker PC v15.12.3                    
******************************************************************************
>> Linked Sun Dec 18 17:09:28 2016

OUTPUT FILE NAME:   <timerBlink.out>
ENTRY POINT SYMBOL: "_c_int00"  address: 0000096d


MEMORY CONFIGURATION

         name            origin    length      used     unused   attr    fill
----------------------  --------  ---------  --------  --------  ----  --------
  FLASH                 00000000   00040000  00000c86  0003f37a  R  X
  SRAM                  20000000   00008000  00000218  00007de8  RW X


SEGMENT ALLOCATION MAP

run origin  load origin   length   init length attrs members
----------  ----------- ---------- ----------- ----- -------
00000000    00000000    00000c88   00000c88    r-x
  00000000    00000000    0000026c   0000026c    r-- .intvecs
  0000026c    0000026c    00000916   00000916    r-x .text
  00000b84    00000b84    000000dc   000000dc    r-- .const
  00000c60    00000c60    00000028   00000028    r-- .cinit
20000000    20000000    00000218   00000000    rw-
  20000000    20000000    00000200   00000000    rw- .stack
  20000200    20000200    00000018   00000000    rw- .data


SECTION ALLOCATION MAP

 output                                  attributes/
section   page    origin      length       input sections
--------  ----  ----------  ----------   ----------------
.intvecs   0    00000000    0000026c     
                  00000000    0000026c     tm4c123gh6pm_startup_ccs.obj (.intvecs)

.text      0    0000026c    00000916     
                  0000026c    00000132     driverlib.lib : gpio.obj (.text:GPIOPadConfigSet)
                  0000039e    00000002     rtsv7M4_T_le_v4SPD16_eabi.lib : mpu_init.obj (.text)
                  000003a0    00000110     driverlib.lib : sysctl.obj (.text:SysCtlClockGet)
                  000004b0    0000010c     main.obj (.text)
                  000005bc    000000f4     driverlib.lib : sysctl.obj (.text:SysCtlClockSet)
                  000006b0    0000009c     rtsv7M4_T_le_v4SPD16_eabi.lib : memcpy_t2.obj (.text)
                  0000074c    0000007a                                   : memset_t2.obj (.text)
                  000007c6    00000002                                   : startup.obj (.text)
                  000007c8    00000070                                   : autoinit.obj (.text)
                  00000838    0000006a                                   : copy_decompress_rle.obj (.text)
                  000008a2    00000002     --HOLE-- [fill = 0]
                  000008a4    00000068     driverlib.lib : interrupt.obj (.text:IntEnable)
                  0000090c    00000060                   : timer.obj (.text:TimerConfigure)
                  0000096c    00000054     rtsv7M4_T_le_v4SPD16_eabi.lib : boot.obj (.text)
                  000009c0    00000054                                   : exit.obj (.text)
                  00000a14    0000004c                                   : cpy_tbl.obj (.text)
                  00000a60    00000034     driverlib.lib : sysctl.obj (.text:SysCtlPeripheralEnable)
                  00000a94    0000002a                   : gpio.obj (.text:GPIODirModeSet)
                  00000abe    00000018                   : gpio.obj (.text:GPIOPinTypeGPIOOutput)
                  00000ad6    00000002     --HOLE-- [fill = 0]
                  00000ad8    00000018     rtsv7M4_T_le_v4SPD16_eabi.lib : args_main.obj (.text)
                  00000af0    00000014                                   : _lock.obj (.text)
                  00000b04    00000012     driverlib.lib : timer.obj (.text:TimerLoadSet)
                  00000b16    00000010                   : interrupt.obj (.text:IntMasterEnable)
                  00000b26    0000000e                   : timer.obj (.text:TimerEnable)
                  00000b34    0000000e     rtsv7M4_T_le_v4SPD16_eabi.lib : copy_decompress_none.obj (.text:decompress:none)
                  00000b42    0000000c     driverlib.lib : cpu.obj (.text:CPUcpsie)
                  00000b4e    0000000c     tm4c123gh6pm_startup_ccs.obj (.text)
                  00000b5a    00000008     driverlib.lib : timer.obj (.text:TimerIntEnable)
                  00000b62    00000006                   : gpio.obj (.text:GPIOPinRead)
                  00000b68    00000006                   : gpio.obj (.text:GPIOPinWrite)
                  00000b6e    00000006                   : sysctl.obj (.text:SysCtlDelay)
                  00000b74    00000006     rtsv7M4_T_le_v4SPD16_eabi.lib : copy_decompress_rle.obj (.text:decompress:rle24)
                  00000b7a    00000004     driverlib.lib : timer.obj (.text:TimerIntClear)
                  00000b7e    00000004     rtsv7M4_T_le_v4SPD16_eabi.lib : pre_init.obj (.text)

.const     0    00000b84    000000dc     
                  00000b84    00000070     driverlib.lib : interrupt.obj (.const)
                  00000bf4    0000006c                   : sysctl.obj (.const:g_pui32Xtals)

.cinit     0    00000c60    00000028     
                  00000c60    00000016     (.cinit..data.load) [load image, compression = rle]
                  00000c76    00000002     --HOLE-- [fill = 0]
                  00000c78    00000008     (__TI_handler_table)
                  00000c80    00000008     (__TI_cinit_table)

.init_array 
*          0    00000000    00000000     UNINITIALIZED

.stack     0    20000000    00000200     UNINITIALIZED
                  20000000    00000200     --HOLE--

.data      0    20000200    00000018     UNINITIALIZED
                  20000200    0000000c     rtsv7M4_T_le_v4SPD16_eabi.lib : exit.obj (.data:$O1$$)
                  2000020c    00000008                                   : _lock.obj (.data:$O1$$)
                  20000214    00000004                                   : stkdepth_vars.obj (.data)

MODULE SUMMARY

       Module                         code   ro data   rw data
       ------                         ----   -------   -------
    .\
       tm4c123gh6pm_startup_ccs.obj   12     620       0      
       main.obj                       268    0         0      
    +--+------------------------------+------+---------+---------+
       Total:                         280    620       0      
                                                              
    C:/ti/TivaWare_C_Series-2.1.3.156/driverlib/ccs/Debug/driverlib.lib
       sysctl.obj                     574    108       0      
       gpio.obj                       384    0         0      
       interrupt.obj                  120    112       0      
       timer.obj                      140    0         0      
       cpu.obj                        12     0         0      
    +--+------------------------------+------+---------+---------+
       Total:                         1230   220       0      
                                                              
    C:\ti\ccsv6\tools\compiler\arm_15.12.3.LTS\lib\rtsv7M4_T_le_v4SPD16_eabi.lib
       memcpy_t2.obj                  156    0         0      
       memset_t2.obj                  122    0         0      
       autoinit.obj                   112    0         0      
       copy_decompress_rle.obj        112    0         0      
       exit.obj                       84     0         12     
       boot.obj                       84     0         0      
       cpy_tbl.obj                    76     0         0      
       _lock.obj                      20     0         8      
       args_main.obj                  24     0         0      
       copy_decompress_none.obj       14     0         0      
       pre_init.obj                   4      0         0      
       stkdepth_vars.obj              0      0         4      
       mpu_init.obj                   2      0         0      
       startup.obj                    2      0         0      
    +--+------------------------------+------+---------+---------+
       Total:                         812    0         24     
                                                              
       Stack:                         0      0         512    
       Linker Generated:              0      38        0      
    +--+------------------------------+------+---------+---------+
       Grand Total:                   2322   878       536    


LINKER GENERATED COPY TABLES

__TI_cinit_table @ 00000c80 records: 1, size/record: 8, table size: 8
	.data: load addr=00000c60, load size=00000016 bytes, run addr=20000200, run size=00000018 bytes, compression=rle


LINKER GENERATED HANDLER TABLE

__TI_handler_table @ 00000c78 records: 2, size/record: 4, table size: 8
	index: 0, handler: __TI_decompress_rle24
	index: 1, handler: __TI_decompress_none


GLOBAL SYMBOLS: SORTED ALPHABETICALLY BY Name 

address   name                           
-------   ----                           
000009c1  C$$EXIT                        
00000b43  CPUcpsie                       
00000a95  GPIODirModeSet                 
0000026d  GPIOPadConfigSet               
00000b63  GPIOPinRead                    
00000abf  GPIOPinTypeGPIOOutput          
00000b69  GPIOPinWrite                   
000008a5  IntEnable                      
00000b17  IntMasterEnable                
00000b4f  ResetISR                       
UNDEFED   SHT$$INIT_ARRAY$$Base          
UNDEFED   SHT$$INIT_ARRAY$$Limit         
000003a1  SysCtlClockGet                 
000005bd  SysCtlClockSet                 
00000b6f  SysCtlDelay                    
00000a61  SysCtlPeripheralEnable         
00000549  Timer0IntHandler               
00000575  Timer1IntHandler               
0000090d  TimerConfigure                 
00000b27  TimerEnable                    
00000b7b  TimerIntClear                  
00000b5b  TimerIntEnable                 
00000b05  TimerLoadSet                   
20000200  __STACK_END                    
00000200  __STACK_SIZE                   
20000200  __STACK_TOP                    
00000c80  __TI_CINIT_Base                
00000c88  __TI_CINIT_Limit               
00000c78  __TI_Handler_Table_Base        
00000c80  __TI_Handler_Table_Limit       
000007c9  __TI_auto_init                 
20000200  __TI_cleanup_ptr               
00000b35  __TI_decompress_none           
00000b75  __TI_decompress_rle24          
20000204  __TI_dtors_ptr                 
20000208  __TI_enable_exit_profile_output
ffffffff  __TI_pprof_out_hndl            
ffffffff  __TI_prof_data_size            
ffffffff  __TI_prof_data_start           
00000000  __TI_static_base__             
0000074d  __aeabi_memclr                 
0000074d  __aeabi_memclr4                
0000074d  __aeabi_memclr8                
000006b1  __aeabi_memcpy                 
000006b1  __aeabi_memcpy4                
000006b1  __aeabi_memcpy8                
0000074f  __aeabi_memset                 
0000074f  __aeabi_memset4                
0000074f  __aeabi_memset8                
ffffffff  __binit__                      
ffffffff  __c_args__                     
0000039f  __mpu_init                     
20000000  __stack                        
00000ad9  _args_main                     
0000096d  _c_int00                       
2000020c  _lock                          
00000aff  _nop                           
00000af7  _register_lock                 
00000af1  _register_unlock               
000007c7  _system_post_cinit             
00000b7f  _system_pre_init               
20000210  _unlock                        
000009c5  abort                          
ffffffff  binit                          
00000a15  copy_in                        
000009cd  exit                           
00000000  g_pfnVectors                   
000004b1  main                           
20000214  main_func_sp                   
000006b1  memcpy                         
00000755  memset                         


GLOBAL SYMBOLS: SORTED BY Symbol Address 

address   name                           
-------   ----                           
00000000  __TI_static_base__             
00000000  g_pfnVectors                   
00000200  __STACK_SIZE                   
0000026d  GPIOPadConfigSet               
0000039f  __mpu_init                     
000003a1  SysCtlClockGet                 
000004b1  main                           
00000549  Timer0IntHandler               
00000575  Timer1IntHandler               
000005bd  SysCtlClockSet                 
000006b1  __aeabi_memcpy                 
000006b1  __aeabi_memcpy4                
000006b1  __aeabi_memcpy8                
000006b1  memcpy                         
0000074d  __aeabi_memclr                 
0000074d  __aeabi_memclr4                
0000074d  __aeabi_memclr8                
0000074f  __aeabi_memset                 
0000074f  __aeabi_memset4                
0000074f  __aeabi_memset8                
00000755  memset                         
000007c7  _system_post_cinit             
000007c9  __TI_auto_init                 
000008a5  IntEnable                      
0000090d  TimerConfigure                 
0000096d  _c_int00                       
000009c1  C$$EXIT                        
000009c5  abort                          
000009cd  exit                           
00000a15  copy_in                        
00000a61  SysCtlPeripheralEnable         
00000a95  GPIODirModeSet                 
00000abf  GPIOPinTypeGPIOOutput          
00000ad9  _args_main                     
00000af1  _register_unlock               
00000af7  _register_lock                 
00000aff  _nop                           
00000b05  TimerLoadSet                   
00000b17  IntMasterEnable                
00000b27  TimerEnable                    
00000b35  __TI_decompress_none           
00000b43  CPUcpsie                       
00000b4f  ResetISR                       
00000b5b  TimerIntEnable                 
00000b63  GPIOPinRead                    
00000b69  GPIOPinWrite                   
00000b6f  SysCtlDelay                    
00000b75  __TI_decompress_rle24          
00000b7b  TimerIntClear                  
00000b7f  _system_pre_init               
00000c78  __TI_Handler_Table_Base        
00000c80  __TI_CINIT_Base                
00000c80  __TI_Handler_Table_Limit       
00000c88  __TI_CINIT_Limit               
20000000  __stack                        
20000200  __STACK_END                    
20000200  __STACK_TOP                    
20000200  __TI_cleanup_ptr               
20000204  __TI_dtors_ptr                 
20000208  __TI_enable_exit_profile_output
2000020c  _lock                          
20000210  _unlock                        
20000214  main_func_sp                   
ffffffff  __TI_pprof_out_hndl            
ffffffff  __TI_prof_data_size            
ffffffff  __TI_prof_data_start           
ffffffff  __binit__                      
ffffffff  __c_args__                     
ffffffff  binit                          
UNDEFED   SHT$$INIT_ARRAY$$Base          
UNDEFED   SHT$$INIT_ARRAY$$Limit         

[71 symbols]
