******************************************************************************
                  TI ARM Linker PC v15.12.3                    
******************************************************************************
>> Linked Sun Dec 18 12:58:58 2016

OUTPUT FILE NAME:   <interrupt_UART.out>
ENTRY POINT SYMBOL: "_c_int00"  address: 00000931


MEMORY CONFIGURATION

         name            origin    length      used     unused   attr    fill
----------------------  --------  ---------  --------  --------  ----  --------
  FLASH                 00000000   00040000  00000e00  0003f200  R  X
  SRAM                  20000000   00008000  00000218  00007de8  RW X


SEGMENT ALLOCATION MAP

run origin  load origin   length   init length attrs members
----------  ----------- ---------- ----------- ----- -------
00000000    00000000    00000e00   00000e00    r-x
  00000000    00000000    0000026c   0000026c    r-- .intvecs
  0000026c    0000026c    00000a00   00000a00    r-x .text
  00000c6c    00000c6c    0000016c   0000016c    r-- .const
  00000dd8    00000dd8    00000028   00000028    r-- .cinit
20000000    20000000    00000218   00000000    rw-
  20000000    20000000    00000200   00000000    rw- .stack
  20000200    20000200    00000018   00000000    rw- .data


SECTION ALLOCATION MAP

 output                                  attributes/
section   page    origin      length       input sections
--------  ----  ----------  ----------   ----------------
.intvecs   0    00000000    0000026c     
                  00000000    0000026c     tm4c123gh6pm_startup_ccs.obj (.intvecs)

.text      0    0000026c    00000a00     
                  0000026c    00000132     driverlib.lib : gpio.obj (.text:GPIOPadConfigSet)
                  0000039e    00000002     rtsv7M4_T_le_v4SPD16_eabi.lib : mpu_init.obj (.text)
                  000003a0    00000130     main.obj (.text)
                  000004d0    00000110     driverlib.lib : sysctl.obj (.text:SysCtlClockGet)
                  000005e0    000000f4                   : sysctl.obj (.text:SysCtlClockSet)
                  000006d4    0000009c     rtsv7M4_T_le_v4SPD16_eabi.lib : memcpy_t2.obj (.text)
                  00000770    0000007a                                   : memset_t2.obj (.text)
                  000007ea    00000002                                   : startup.obj (.text)
                  000007ec    00000070                                   : autoinit.obj (.text)
                  0000085c    0000006a                                   : copy_decompress_rle.obj (.text)
                  000008c6    00000002     --HOLE-- [fill = 0]
                  000008c8    00000068     driverlib.lib : interrupt.obj (.text:IntEnable)
                  00000930    00000054     rtsv7M4_T_le_v4SPD16_eabi.lib : boot.obj (.text)
                  00000984    00000054                                   : exit.obj (.text)
                  000009d8    0000004c                                   : cpy_tbl.obj (.text)
                  00000a24    00000048     driverlib.lib : gpio.obj (.text:GPIOPinConfigure)
                  00000a6c    00000046                   : uart.obj (.text:UARTConfigSetExpClk)
                  00000ab2    00000002     --HOLE-- [fill = 0]
                  00000ab4    00000038                   : sysctl.obj (.text:SysCtlPeripheralReady)
                  00000aec    00000034                   : sysctl.obj (.text:SysCtlPeripheralEnable)
                  00000b20    0000002a                   : gpio.obj (.text:GPIODirModeSet)
                  00000b4a    00000002     --HOLE-- [fill = 0]
                  00000b4c    00000020                   : uart.obj (.text:UARTDisable)
                  00000b6c    00000018                   : gpio.obj (.text:GPIOPinTypeGPIOOutput)
                  00000b84    00000018     rtsv7M4_T_le_v4SPD16_eabi.lib : args_main.obj (.text)
                  00000b9c    00000014     driverlib.lib : uart.obj (.text:UARTEnable)
                  00000bb0    00000014     rtsv7M4_T_le_v4SPD16_eabi.lib : _lock.obj (.text)
                  00000bc4    00000012     driverlib.lib : gpio.obj (.text:GPIOPinTypeUART)
                  00000bd6    00000010                   : interrupt.obj (.text:IntMasterEnable)
                  00000be6    0000000e                   : uart.obj (.text:UARTCharGetNonBlocking)
                  00000bf4    0000000e                   : uart.obj (.text:UARTCharPutNonBlocking)
                  00000c02    0000000e                   : uart.obj (.text:UARTCharsAvail)
                  00000c10    0000000e     rtsv7M4_T_le_v4SPD16_eabi.lib : copy_decompress_none.obj (.text:decompress:none)
                  00000c1e    0000000c     driverlib.lib : cpu.obj (.text:CPUcpsie)
                  00000c2a    0000000c     tm4c123gh6pm_startup_ccs.obj (.text)
                  00000c36    0000000a     driverlib.lib : uart.obj (.text:UARTCharPut)
                  00000c40    0000000a                   : uart.obj (.text:UARTIntStatus)
                  00000c4a    00000008                   : uart.obj (.text:UARTIntEnable)
                  00000c52    00000006                   : gpio.obj (.text:GPIOPinWrite)
                  00000c58    00000006                   : sysctl.obj (.text:SysCtlDelay)
                  00000c5e    00000006     rtsv7M4_T_le_v4SPD16_eabi.lib : copy_decompress_rle.obj (.text:decompress:rle24)
                  00000c64    00000004     driverlib.lib : uart.obj (.text:UARTIntClear)
                  00000c68    00000004     rtsv7M4_T_le_v4SPD16_eabi.lib : pre_init.obj (.text)

.const     0    00000c6c    0000016c     
                  00000c6c    00000090     driverlib.lib : gpio.obj (.const:g_pui32GPIOBaseAddrs)
                  00000cfc    00000070                   : interrupt.obj (.const)
                  00000d6c    0000006c                   : sysctl.obj (.const:g_pui32Xtals)

.cinit     0    00000dd8    00000028     
                  00000dd8    00000016     (.cinit..data.load) [load image, compression = rle]
                  00000dee    00000002     --HOLE-- [fill = 0]
                  00000df0    00000008     (__TI_handler_table)
                  00000df8    00000008     (__TI_cinit_table)

.init_array 
*          0    00000000    00000000     UNINITIALIZED

.stack     0    20000000    00000200     UNINITIALIZED
                  20000000    00000200     --HOLE--

.data      0    20000200    00000018     UNINITIALIZED
                  20000200    0000000c     rtsv7M4_T_le_v4SPD16_eabi.lib : exit.obj (.data:$O1$$)
                  2000020c    00000008                                   : _lock.obj (.data:$O1$$)
                  20000214    00000004                                   : stkdepth_vars.obj (.data)

MODULE SUMMARY

       Module                         code   ro data   rw data
       ------                         ----   -------   -------
    .\
       tm4c123gh6pm_startup_ccs.obj   12     620       0      
       main.obj                       304    0         0      
    +--+------------------------------+------+---------+---------+
       Total:                         316    620       0      
                                                              
    C:/ti/TivaWare_C_Series-2.1.3.156/driverlib/ccs/Debug/driverlib.lib
       sysctl.obj                     630    108       0      
       gpio.obj                       468    144       0      
       interrupt.obj                  120    112       0      
       uart.obj                       196    0         0      
       cpu.obj                        12     0         0      
    +--+------------------------------+------+---------+---------+
       Total:                         1426   364       0      
                                                              
    C:\ti\ccsv6\tools\compiler\arm_15.12.3.LTS\lib\rtsv7M4_T_le_v4SPD16_eabi.lib
       memcpy_t2.obj                  156    0         0      
       memset_t2.obj                  122    0         0      
       autoinit.obj                   112    0         0      
       copy_decompress_rle.obj        112    0         0      
       exit.obj                       84     0         12     
       boot.obj                       84     0         0      
       cpy_tbl.obj                    76     0         0      
       _lock.obj                      20     0         8      
       args_main.obj                  24     0         0      
       copy_decompress_none.obj       14     0         0      
       pre_init.obj                   4      0         0      
       stkdepth_vars.obj              0      0         4      
       mpu_init.obj                   2      0         0      
       startup.obj                    2      0         0      
    +--+------------------------------+------+---------+---------+
       Total:                         812    0         24     
                                                              
       Stack:                         0      0         512    
       Linker Generated:              0      38        0      
    +--+------------------------------+------+---------+---------+
       Grand Total:                   2554   1022      536    


LINKER GENERATED COPY TABLES

__TI_cinit_table @ 00000df8 records: 1, size/record: 8, table size: 8
	.data: load addr=00000dd8, load size=00000016 bytes, run addr=20000200, run size=00000018 bytes, compression=rle


LINKER GENERATED HANDLER TABLE

__TI_handler_table @ 00000df0 records: 2, size/record: 4, table size: 8
	index: 0, handler: __TI_decompress_rle24
	index: 1, handler: __TI_decompress_none


GLOBAL SYMBOLS: SORTED ALPHABETICALLY BY Name 

address   name                           
-------   ----                           
00000985  C$$EXIT                        
00000c1f  CPUcpsie                       
00000b21  GPIODirModeSet                 
0000026d  GPIOPadConfigSet               
00000a25  GPIOPinConfigure               
00000b6d  GPIOPinTypeGPIOOutput          
00000bc5  GPIOPinTypeUART                
00000c53  GPIOPinWrite                   
000008c9  IntEnable                      
00000bd7  IntMasterEnable                
00000c2b  ResetISR                       
UNDEFED   SHT$$INIT_ARRAY$$Base          
UNDEFED   SHT$$INIT_ARRAY$$Limit         
000004d1  SysCtlClockGet                 
000005e1  SysCtlClockSet                 
00000c59  SysCtlDelay                    
00000aed  SysCtlPeripheralEnable         
00000ab5  SysCtlPeripheralReady          
00000be7  UARTCharGetNonBlocking         
00000c37  UARTCharPut                    
00000bf5  UARTCharPutNonBlocking         
00000c03  UARTCharsAvail                 
00000a6d  UARTConfigSetExpClk            
00000b4d  UARTDisable                    
00000b9d  UARTEnable                     
00000c65  UARTIntClear                   
00000c4b  UARTIntEnable                  
000003a1  UARTIntHandler                 
00000c41  UARTIntStatus                  
20000200  __STACK_END                    
00000200  __STACK_SIZE                   
20000200  __STACK_TOP                    
00000df8  __TI_CINIT_Base                
00000e00  __TI_CINIT_Limit               
00000df0  __TI_Handler_Table_Base        
00000df8  __TI_Handler_Table_Limit       
000007ed  __TI_auto_init                 
20000200  __TI_cleanup_ptr               
00000c11  __TI_decompress_none           
00000c5f  __TI_decompress_rle24          
20000204  __TI_dtors_ptr                 
20000208  __TI_enable_exit_profile_output
ffffffff  __TI_pprof_out_hndl            
ffffffff  __TI_prof_data_size            
ffffffff  __TI_prof_data_start           
00000000  __TI_static_base__             
00000771  __aeabi_memclr                 
00000771  __aeabi_memclr4                
00000771  __aeabi_memclr8                
000006d5  __aeabi_memcpy                 
000006d5  __aeabi_memcpy4                
000006d5  __aeabi_memcpy8                
00000773  __aeabi_memset                 
00000773  __aeabi_memset4                
00000773  __aeabi_memset8                
ffffffff  __binit__                      
ffffffff  __c_args__                     
0000039f  __mpu_init                     
20000000  __stack                        
00000b85  _args_main                     
00000931  _c_int00                       
2000020c  _lock                          
00000bbf  _nop                           
00000bb7  _register_lock                 
00000bb1  _register_unlock               
000007eb  _system_post_cinit             
00000c69  _system_pre_init               
20000210  _unlock                        
00000989  abort                          
ffffffff  binit                          
000009d9  copy_in                        
00000991  exit                           
00000000  g_pfnVectors                   
000003eb  main                           
20000214  main_func_sp                   
000006d5  memcpy                         
00000779  memset                         


GLOBAL SYMBOLS: SORTED BY Symbol Address 

address   name                           
-------   ----                           
00000000  __TI_static_base__             
00000000  g_pfnVectors                   
00000200  __STACK_SIZE                   
0000026d  GPIOPadConfigSet               
0000039f  __mpu_init                     
000003a1  UARTIntHandler                 
000003eb  main                           
000004d1  SysCtlClockGet                 
000005e1  SysCtlClockSet                 
000006d5  __aeabi_memcpy                 
000006d5  __aeabi_memcpy4                
000006d5  __aeabi_memcpy8                
000006d5  memcpy                         
00000771  __aeabi_memclr                 
00000771  __aeabi_memclr4                
00000771  __aeabi_memclr8                
00000773  __aeabi_memset                 
00000773  __aeabi_memset4                
00000773  __aeabi_memset8                
00000779  memset                         
000007eb  _system_post_cinit             
000007ed  __TI_auto_init                 
000008c9  IntEnable                      
00000931  _c_int00                       
00000985  C$$EXIT                        
00000989  abort                          
00000991  exit                           
000009d9  copy_in                        
00000a25  GPIOPinConfigure               
00000a6d  UARTConfigSetExpClk            
00000ab5  SysCtlPeripheralReady          
00000aed  SysCtlPeripheralEnable         
00000b21  GPIODirModeSet                 
00000b4d  UARTDisable                    
00000b6d  GPIOPinTypeGPIOOutput          
00000b85  _args_main                     
00000b9d  UARTEnable                     
00000bb1  _register_unlock               
00000bb7  _register_lock                 
00000bbf  _nop                           
00000bc5  GPIOPinTypeUART                
00000bd7  IntMasterEnable                
00000be7  UARTCharGetNonBlocking         
00000bf5  UARTCharPutNonBlocking         
00000c03  UARTCharsAvail                 
00000c11  __TI_decompress_none           
00000c1f  CPUcpsie                       
00000c2b  ResetISR                       
00000c37  UARTCharPut                    
00000c41  UARTIntStatus                  
00000c4b  UARTIntEnable                  
00000c53  GPIOPinWrite                   
00000c59  SysCtlDelay                    
00000c5f  __TI_decompress_rle24          
00000c65  UARTIntClear                   
00000c69  _system_pre_init               
00000df0  __TI_Handler_Table_Base        
00000df8  __TI_CINIT_Base                
00000df8  __TI_Handler_Table_Limit       
00000e00  __TI_CINIT_Limit               
20000000  __stack                        
20000200  __STACK_END                    
20000200  __STACK_TOP                    
20000200  __TI_cleanup_ptr               
20000204  __TI_dtors_ptr                 
20000208  __TI_enable_exit_profile_output
2000020c  _lock                          
20000210  _unlock                        
20000214  main_func_sp                   
ffffffff  __TI_pprof_out_hndl            
ffffffff  __TI_prof_data_size            
ffffffff  __TI_prof_data_start           
ffffffff  __binit__                      
ffffffff  __c_args__                     
ffffffff  binit                          
UNDEFED   SHT$$INIT_ARRAY$$Base          
UNDEFED   SHT$$INIT_ARRAY$$Limit         

[77 symbols]
