******************************************************************************
                  TI ARM Linker PC v15.12.3                    
******************************************************************************
>> Linked Sun Dec 18 12:32:50 2016

OUTPUT FILE NAME:   <simpleUART.out>
ENTRY POINT SYMBOL: "_c_int00"  address: 00000855


MEMORY CONFIGURATION

         name            origin    length      used     unused   attr    fill
----------------------  --------  ---------  --------  --------  ----  --------
  FLASH                 00000000   00100000  00000c70  000ff390  R  X
  SRAM                  20000000   00040000  00000218  0003fde8  RW X


SEGMENT ALLOCATION MAP

run origin  load origin   length   init length attrs members
----------  ----------- ---------- ----------- ----- -------
00000000    00000000    00000c70   00000c70    r-x
  00000000    00000000    00000208   00000208    r-- .intvecs
  00000208    00000208    00000944   00000944    r-x .text
  00000b4c    00000b4c    000000fc   000000fc    r-- .const
  00000c48    00000c48    00000028   00000028    r-- .cinit
20000000    20000000    00000218   00000000    rw-
  20000000    20000000    00000200   00000000    rw- .stack
  20000200    20000200    00000018   00000000    rw- .data


SECTION ALLOCATION MAP

 output                                  attributes/
section   page    origin      length       input sections
--------  ----  ----------  ----------   ----------------
.intvecs   0    00000000    00000208     
                  00000000    00000208     tm4c1290ncpdt_startup_ccs.obj (.intvecs)

.text      0    00000208    00000944     
                  00000208    00000132     driverlib.lib : gpio.obj (.text:GPIOPadConfigSet)
                  0000033a    00000002     rtsv7M4_T_le_v4SPD16_eabi.lib : mpu_init.obj (.text)
                  0000033c    00000120     main.obj (.text)
                  0000045c    00000110     driverlib.lib : sysctl.obj (.text:SysCtlClockGet)
                  0000056c    000000f4                   : sysctl.obj (.text:SysCtlClockSet)
                  00000660    0000009c     rtsv7M4_T_le_v4SPD16_eabi.lib : memcpy_t2.obj (.text)
                  000006fc    0000007a                                   : memset_t2.obj (.text)
                  00000776    00000002                                   : startup.obj (.text)
                  00000778    00000070                                   : autoinit.obj (.text)
                  000007e8    0000006a                                   : copy_decompress_rle.obj (.text)
                  00000852    00000002     --HOLE-- [fill = 0]
                  00000854    00000054                                   : boot.obj (.text)
                  000008a8    00000054                                   : exit.obj (.text)
                  000008fc    0000004c                                   : cpy_tbl.obj (.text)
                  00000948    00000048     driverlib.lib : gpio.obj (.text:GPIOPinConfigure)
                  00000990    00000046                   : uart.obj (.text:UARTConfigSetExpClk)
                  000009d6    00000002     --HOLE-- [fill = 0]
                  000009d8    00000038                   : sysctl.obj (.text:SysCtlPeripheralReady)
                  00000a10    00000034                   : sysctl.obj (.text:SysCtlPeripheralEnable)
                  00000a44    0000002a                   : gpio.obj (.text:GPIODirModeSet)
                  00000a6e    00000002     --HOLE-- [fill = 0]
                  00000a70    00000020                   : uart.obj (.text:UARTDisable)
                  00000a90    00000018                   : gpio.obj (.text:GPIOPinTypeGPIOOutput)
                  00000aa8    00000018     rtsv7M4_T_le_v4SPD16_eabi.lib : args_main.obj (.text)
                  00000ac0    00000014     driverlib.lib : uart.obj (.text:UARTEnable)
                  00000ad4    00000014     rtsv7M4_T_le_v4SPD16_eabi.lib : _lock.obj (.text)
                  00000ae8    00000012     driverlib.lib : gpio.obj (.text:GPIOPinTypeUART)
                  00000afa    0000000e                   : uart.obj (.text:UARTCharsAvail)
                  00000b08    0000000e     rtsv7M4_T_le_v4SPD16_eabi.lib : copy_decompress_none.obj (.text:decompress:none)
                  00000b16    0000000c     tm4c1290ncpdt_startup_ccs.obj (.text)
                  00000b22    0000000a     driverlib.lib : uart.obj (.text:UARTCharGet)
                  00000b2c    0000000a                   : uart.obj (.text:UARTCharPut)
                  00000b36    00000006                   : gpio.obj (.text:GPIOPinWrite)
                  00000b3c    00000006                   : sysctl.obj (.text:SysCtlDelay)
                  00000b42    00000006     rtsv7M4_T_le_v4SPD16_eabi.lib : copy_decompress_rle.obj (.text:decompress:rle24)
                  00000b48    00000004                                   : pre_init.obj (.text)

.const     0    00000b4c    000000fc     
                  00000b4c    00000090     driverlib.lib : gpio.obj (.const:g_pui32GPIOBaseAddrs)
                  00000bdc    0000006c                   : sysctl.obj (.const:g_pui32Xtals)

.cinit     0    00000c48    00000028     
                  00000c48    00000016     (.cinit..data.load) [load image, compression = rle]
                  00000c5e    00000002     --HOLE-- [fill = 0]
                  00000c60    00000008     (__TI_handler_table)
                  00000c68    00000008     (__TI_cinit_table)

.init_array 
*          0    00000000    00000000     UNINITIALIZED

.stack     0    20000000    00000200     UNINITIALIZED
                  20000000    00000200     --HOLE--

.data      0    20000200    00000018     UNINITIALIZED
                  20000200    0000000c     rtsv7M4_T_le_v4SPD16_eabi.lib : exit.obj (.data:$O1$$)
                  2000020c    00000008                                   : _lock.obj (.data:$O1$$)
                  20000214    00000004                                   : stkdepth_vars.obj (.data)

MODULE SUMMARY

       Module                          code   ro data   rw data
       ------                          ----   -------   -------
    .\
       tm4c1290ncpdt_startup_ccs.obj   12     520       0      
       main.obj                        288    0         0      
    +--+-------------------------------+------+---------+---------+
       Total:                          300    520       0      
                                                               
    C:/ti/TivaWare_C_Series-2.1.3.156/driverlib/ccs/Debug/driverlib.lib
       sysctl.obj                      630    108       0      
       gpio.obj                        468    144       0      
       uart.obj                        156    0         0      
    +--+-------------------------------+------+---------+---------+
       Total:                          1254   252       0      
                                                               
    C:\ti\ccsv6\tools\compiler\arm_15.12.3.LTS\lib\rtsv7M4_T_le_v4SPD16_eabi.lib
       memcpy_t2.obj                   156    0         0      
       memset_t2.obj                   122    0         0      
       autoinit.obj                    112    0         0      
       copy_decompress_rle.obj         112    0         0      
       exit.obj                        84     0         12     
       boot.obj                        84     0         0      
       cpy_tbl.obj                     76     0         0      
       _lock.obj                       20     0         8      
       args_main.obj                   24     0         0      
       copy_decompress_none.obj        14     0         0      
       pre_init.obj                    4      0         0      
       stkdepth_vars.obj               0      0         4      
       mpu_init.obj                    2      0         0      
       startup.obj                     2      0         0      
    +--+-------------------------------+------+---------+---------+
       Total:                          812    0         24     
                                                               
       Stack:                          0      0         512    
       Linker Generated:               0      38        0      
    +--+-------------------------------+------+---------+---------+
       Grand Total:                    2366   810       536    


LINKER GENERATED COPY TABLES

__TI_cinit_table @ 00000c68 records: 1, size/record: 8, table size: 8
	.data: load addr=00000c48, load size=00000016 bytes, run addr=20000200, run size=00000018 bytes, compression=rle


LINKER GENERATED HANDLER TABLE

__TI_handler_table @ 00000c60 records: 2, size/record: 4, table size: 8
	index: 0, handler: __TI_decompress_rle24
	index: 1, handler: __TI_decompress_none


GLOBAL SYMBOLS: SORTED ALPHABETICALLY BY Name 

address   name                           
-------   ----                           
000008a9  C$$EXIT                        
00000a45  GPIODirModeSet                 
00000209  GPIOPadConfigSet               
00000949  GPIOPinConfigure               
00000a91  GPIOPinTypeGPIOOutput          
00000ae9  GPIOPinTypeUART                
00000b37  GPIOPinWrite                   
00000b17  ResetISR                       
UNDEFED   SHT$$INIT_ARRAY$$Base          
UNDEFED   SHT$$INIT_ARRAY$$Limit         
0000045d  SysCtlClockGet                 
0000056d  SysCtlClockSet                 
00000b3d  SysCtlDelay                    
00000a11  SysCtlPeripheralEnable         
000009d9  SysCtlPeripheralReady          
00000b23  UARTCharGet                    
00000b2d  UARTCharPut                    
00000afb  UARTCharsAvail                 
00000991  UARTConfigSetExpClk            
00000a71  UARTDisable                    
00000ac1  UARTEnable                     
20000200  __STACK_END                    
00000200  __STACK_SIZE                   
20000200  __STACK_TOP                    
00000c68  __TI_CINIT_Base                
00000c70  __TI_CINIT_Limit               
00000c60  __TI_Handler_Table_Base        
00000c68  __TI_Handler_Table_Limit       
00000779  __TI_auto_init                 
20000200  __TI_cleanup_ptr               
00000b09  __TI_decompress_none           
00000b43  __TI_decompress_rle24          
20000204  __TI_dtors_ptr                 
20000208  __TI_enable_exit_profile_output
ffffffff  __TI_pprof_out_hndl            
ffffffff  __TI_prof_data_size            
ffffffff  __TI_prof_data_start           
00000000  __TI_static_base__             
000006fd  __aeabi_memclr                 
000006fd  __aeabi_memclr4                
000006fd  __aeabi_memclr8                
00000661  __aeabi_memcpy                 
00000661  __aeabi_memcpy4                
00000661  __aeabi_memcpy8                
000006ff  __aeabi_memset                 
000006ff  __aeabi_memset4                
000006ff  __aeabi_memset8                
ffffffff  __binit__                      
ffffffff  __c_args__                     
0000033b  __mpu_init                     
20000000  __stack                        
00000aa9  _args_main                     
00000855  _c_int00                       
2000020c  _lock                          
00000ae3  _nop                           
00000adb  _register_lock                 
00000ad5  _register_unlock               
00000777  _system_post_cinit             
00000b49  _system_pre_init               
20000210  _unlock                        
000008ad  abort                          
ffffffff  binit                          
000008fd  copy_in                        
000008b5  exit                           
00000000  g_pfnVectors                   
0000033d  main                           
20000214  main_func_sp                   
00000661  memcpy                         
00000705  memset                         


GLOBAL SYMBOLS: SORTED BY Symbol Address 

address   name                           
-------   ----                           
00000000  __TI_static_base__             
00000000  g_pfnVectors                   
00000200  __STACK_SIZE                   
00000209  GPIOPadConfigSet               
0000033b  __mpu_init                     
0000033d  main                           
0000045d  SysCtlClockGet                 
0000056d  SysCtlClockSet                 
00000661  __aeabi_memcpy                 
00000661  __aeabi_memcpy4                
00000661  __aeabi_memcpy8                
00000661  memcpy                         
000006fd  __aeabi_memclr                 
000006fd  __aeabi_memclr4                
000006fd  __aeabi_memclr8                
000006ff  __aeabi_memset                 
000006ff  __aeabi_memset4                
000006ff  __aeabi_memset8                
00000705  memset                         
00000777  _system_post_cinit             
00000779  __TI_auto_init                 
00000855  _c_int00                       
000008a9  C$$EXIT                        
000008ad  abort                          
000008b5  exit                           
000008fd  copy_in                        
00000949  GPIOPinConfigure               
00000991  UARTConfigSetExpClk            
000009d9  SysCtlPeripheralReady          
00000a11  SysCtlPeripheralEnable         
00000a45  GPIODirModeSet                 
00000a71  UARTDisable                    
00000a91  GPIOPinTypeGPIOOutput          
00000aa9  _args_main                     
00000ac1  UARTEnable                     
00000ad5  _register_unlock               
00000adb  _register_lock                 
00000ae3  _nop                           
00000ae9  GPIOPinTypeUART                
00000afb  UARTCharsAvail                 
00000b09  __TI_decompress_none           
00000b17  ResetISR                       
00000b23  UARTCharGet                    
00000b2d  UARTCharPut                    
00000b37  GPIOPinWrite                   
00000b3d  SysCtlDelay                    
00000b43  __TI_decompress_rle24          
00000b49  _system_pre_init               
00000c60  __TI_Handler_Table_Base        
00000c68  __TI_CINIT_Base                
00000c68  __TI_Handler_Table_Limit       
00000c70  __TI_CINIT_Limit               
20000000  __stack                        
20000200  __STACK_END                    
20000200  __STACK_TOP                    
20000200  __TI_cleanup_ptr               
20000204  __TI_dtors_ptr                 
20000208  __TI_enable_exit_profile_output
2000020c  _lock                          
20000210  _unlock                        
20000214  main_func_sp                   
ffffffff  __TI_pprof_out_hndl            
ffffffff  __TI_prof_data_size            
ffffffff  __TI_prof_data_start           
ffffffff  __binit__                      
ffffffff  __c_args__                     
ffffffff  binit                          
UNDEFED   SHT$$INIT_ARRAY$$Base          
UNDEFED   SHT$$INIT_ARRAY$$Limit         

[69 symbols]
