******************************************************************************
                  TI ARM Linker PC v15.12.3                    
******************************************************************************
>> Linked Sun Dec 18 12:24:40 2016

OUTPUT FILE NAME:   <simpleUART.out>
ENTRY POINT SYMBOL: "_c_int00"  address: 000008b9


MEMORY CONFIGURATION

         name            origin    length      used     unused   attr    fill
----------------------  --------  ---------  --------  --------  ----  --------
  FLASH                 00000000   00040000  00000cd4  0003f32c  R  X
  SRAM                  20000000   00008000  00000218  00007de8  RW X


SEGMENT ALLOCATION MAP

run origin  load origin   length   init length attrs members
----------  ----------- ---------- ----------- ----- -------
00000000    00000000    00000cd8   00000cd8    r-x
  00000000    00000000    0000026c   0000026c    r-- .intvecs
  0000026c    0000026c    00000944   00000944    r-x .text
  00000bb0    00000bb0    000000fc   000000fc    r-- .const
  00000cb0    00000cb0    00000028   00000028    r-- .cinit
20000000    20000000    00000218   00000000    rw-
  20000000    20000000    00000200   00000000    rw- .stack
  20000200    20000200    00000018   00000000    rw- .data


SECTION ALLOCATION MAP

 output                                  attributes/
section   page    origin      length       input sections
--------  ----  ----------  ----------   ----------------
.intvecs   0    00000000    0000026c     
                  00000000    0000026c     tm4c123gh6pm_startup_ccs.obj (.intvecs)

.text      0    0000026c    00000944     
                  0000026c    00000132     driverlib.lib : gpio.obj (.text:GPIOPadConfigSet)
                  0000039e    00000002     rtsv7M4_T_le_v4SPD16_eabi.lib : mpu_init.obj (.text)
                  000003a0    00000120     main.obj (.text)
                  000004c0    00000110     driverlib.lib : sysctl.obj (.text:SysCtlClockGet)
                  000005d0    000000f4                   : sysctl.obj (.text:SysCtlClockSet)
                  000006c4    0000009c     rtsv7M4_T_le_v4SPD16_eabi.lib : memcpy_t2.obj (.text)
                  00000760    0000007a                                   : memset_t2.obj (.text)
                  000007da    00000002                                   : startup.obj (.text)
                  000007dc    00000070                                   : autoinit.obj (.text)
                  0000084c    0000006a                                   : copy_decompress_rle.obj (.text)
                  000008b6    00000002     --HOLE-- [fill = 0]
                  000008b8    00000054                                   : boot.obj (.text)
                  0000090c    00000054                                   : exit.obj (.text)
                  00000960    0000004c                                   : cpy_tbl.obj (.text)
                  000009ac    00000048     driverlib.lib : gpio.obj (.text:GPIOPinConfigure)
                  000009f4    00000046                   : uart.obj (.text:UARTConfigSetExpClk)
                  00000a3a    00000002     --HOLE-- [fill = 0]
                  00000a3c    00000038                   : sysctl.obj (.text:SysCtlPeripheralReady)
                  00000a74    00000034                   : sysctl.obj (.text:SysCtlPeripheralEnable)
                  00000aa8    0000002a                   : gpio.obj (.text:GPIODirModeSet)
                  00000ad2    00000002     --HOLE-- [fill = 0]
                  00000ad4    00000020                   : uart.obj (.text:UARTDisable)
                  00000af4    00000018                   : gpio.obj (.text:GPIOPinTypeGPIOOutput)
                  00000b0c    00000018     rtsv7M4_T_le_v4SPD16_eabi.lib : args_main.obj (.text)
                  00000b24    00000014     driverlib.lib : uart.obj (.text:UARTEnable)
                  00000b38    00000014     rtsv7M4_T_le_v4SPD16_eabi.lib : _lock.obj (.text)
                  00000b4c    00000012     driverlib.lib : gpio.obj (.text:GPIOPinTypeUART)
                  00000b5e    0000000e                   : uart.obj (.text:UARTCharsAvail)
                  00000b6c    0000000e     rtsv7M4_T_le_v4SPD16_eabi.lib : copy_decompress_none.obj (.text:decompress:none)
                  00000b7a    0000000c     tm4c123gh6pm_startup_ccs.obj (.text)
                  00000b86    0000000a     driverlib.lib : uart.obj (.text:UARTCharGet)
                  00000b90    0000000a                   : uart.obj (.text:UARTCharPut)
                  00000b9a    00000006                   : gpio.obj (.text:GPIOPinWrite)
                  00000ba0    00000006                   : sysctl.obj (.text:SysCtlDelay)
                  00000ba6    00000006     rtsv7M4_T_le_v4SPD16_eabi.lib : copy_decompress_rle.obj (.text:decompress:rle24)
                  00000bac    00000004                                   : pre_init.obj (.text)

.const     0    00000bb0    000000fc     
                  00000bb0    00000090     driverlib.lib : gpio.obj (.const:g_pui32GPIOBaseAddrs)
                  00000c40    0000006c                   : sysctl.obj (.const:g_pui32Xtals)

.cinit     0    00000cb0    00000028     
                  00000cb0    00000016     (.cinit..data.load) [load image, compression = rle]
                  00000cc6    00000002     --HOLE-- [fill = 0]
                  00000cc8    00000008     (__TI_handler_table)
                  00000cd0    00000008     (__TI_cinit_table)

.init_array 
*          0    00000000    00000000     UNINITIALIZED

.stack     0    20000000    00000200     UNINITIALIZED
                  20000000    00000200     --HOLE--

.data      0    20000200    00000018     UNINITIALIZED
                  20000200    0000000c     rtsv7M4_T_le_v4SPD16_eabi.lib : exit.obj (.data:$O1$$)
                  2000020c    00000008                                   : _lock.obj (.data:$O1$$)
                  20000214    00000004                                   : stkdepth_vars.obj (.data)

MODULE SUMMARY

       Module                         code   ro data   rw data
       ------                         ----   -------   -------
    .\
       tm4c123gh6pm_startup_ccs.obj   12     620       0      
       main.obj                       288    0         0      
    +--+------------------------------+------+---------+---------+
       Total:                         300    620       0      
                                                              
    C:/ti/TivaWare_C_Series-2.1.3.156/driverlib/ccs/Debug/driverlib.lib
       sysctl.obj                     630    108       0      
       gpio.obj                       468    144       0      
       uart.obj                       156    0         0      
    +--+------------------------------+------+---------+---------+
       Total:                         1254   252       0      
                                                              
    C:\ti\ccsv6\tools\compiler\arm_15.12.3.LTS\lib\rtsv7M4_T_le_v4SPD16_eabi.lib
       memcpy_t2.obj                  156    0         0      
       memset_t2.obj                  122    0         0      
       autoinit.obj                   112    0         0      
       copy_decompress_rle.obj        112    0         0      
       exit.obj                       84     0         12     
       boot.obj                       84     0         0      
       cpy_tbl.obj                    76     0         0      
       _lock.obj                      20     0         8      
       args_main.obj                  24     0         0      
       copy_decompress_none.obj       14     0         0      
       pre_init.obj                   4      0         0      
       stkdepth_vars.obj              0      0         4      
       mpu_init.obj                   2      0         0      
       startup.obj                    2      0         0      
    +--+------------------------------+------+---------+---------+
       Total:                         812    0         24     
                                                              
       Stack:                         0      0         512    
       Linker Generated:              0      38        0      
    +--+------------------------------+------+---------+---------+
       Grand Total:                   2366   910       536    


LINKER GENERATED COPY TABLES

__TI_cinit_table @ 00000cd0 records: 1, size/record: 8, table size: 8
	.data: load addr=00000cb0, load size=00000016 bytes, run addr=20000200, run size=00000018 bytes, compression=rle


LINKER GENERATED HANDLER TABLE

__TI_handler_table @ 00000cc8 records: 2, size/record: 4, table size: 8
	index: 0, handler: __TI_decompress_rle24
	index: 1, handler: __TI_decompress_none


GLOBAL SYMBOLS: SORTED ALPHABETICALLY BY Name 

address   name                           
-------   ----                           
0000090d  C$$EXIT                        
00000aa9  GPIODirModeSet                 
0000026d  GPIOPadConfigSet               
000009ad  GPIOPinConfigure               
00000af5  GPIOPinTypeGPIOOutput          
00000b4d  GPIOPinTypeUART                
00000b9b  GPIOPinWrite                   
00000b7b  ResetISR                       
UNDEFED   SHT$$INIT_ARRAY$$Base          
UNDEFED   SHT$$INIT_ARRAY$$Limit         
000004c1  SysCtlClockGet                 
000005d1  SysCtlClockSet                 
00000ba1  SysCtlDelay                    
00000a75  SysCtlPeripheralEnable         
00000a3d  SysCtlPeripheralReady          
00000b87  UARTCharGet                    
00000b91  UARTCharPut                    
00000b5f  UARTCharsAvail                 
000009f5  UARTConfigSetExpClk            
00000ad5  UARTDisable                    
00000b25  UARTEnable                     
20000200  __STACK_END                    
00000200  __STACK_SIZE                   
20000200  __STACK_TOP                    
00000cd0  __TI_CINIT_Base                
00000cd8  __TI_CINIT_Limit               
00000cc8  __TI_Handler_Table_Base        
00000cd0  __TI_Handler_Table_Limit       
000007dd  __TI_auto_init                 
20000200  __TI_cleanup_ptr               
00000b6d  __TI_decompress_none           
00000ba7  __TI_decompress_rle24          
20000204  __TI_dtors_ptr                 
20000208  __TI_enable_exit_profile_output
ffffffff  __TI_pprof_out_hndl            
ffffffff  __TI_prof_data_size            
ffffffff  __TI_prof_data_start           
00000000  __TI_static_base__             
00000761  __aeabi_memclr                 
00000761  __aeabi_memclr4                
00000761  __aeabi_memclr8                
000006c5  __aeabi_memcpy                 
000006c5  __aeabi_memcpy4                
000006c5  __aeabi_memcpy8                
00000763  __aeabi_memset                 
00000763  __aeabi_memset4                
00000763  __aeabi_memset8                
ffffffff  __binit__                      
ffffffff  __c_args__                     
0000039f  __mpu_init                     
20000000  __stack                        
00000b0d  _args_main                     
000008b9  _c_int00                       
2000020c  _lock                          
00000b47  _nop                           
00000b3f  _register_lock                 
00000b39  _register_unlock               
000007db  _system_post_cinit             
00000bad  _system_pre_init               
20000210  _unlock                        
00000911  abort                          
ffffffff  binit                          
00000961  copy_in                        
00000919  exit                           
00000000  g_pfnVectors                   
000003a1  main                           
20000214  main_func_sp                   
000006c5  memcpy                         
00000769  memset                         


GLOBAL SYMBOLS: SORTED BY Symbol Address 

address   name                           
-------   ----                           
00000000  __TI_static_base__             
00000000  g_pfnVectors                   
00000200  __STACK_SIZE                   
0000026d  GPIOPadConfigSet               
0000039f  __mpu_init                     
000003a1  main                           
000004c1  SysCtlClockGet                 
000005d1  SysCtlClockSet                 
000006c5  __aeabi_memcpy                 
000006c5  __aeabi_memcpy4                
000006c5  __aeabi_memcpy8                
000006c5  memcpy                         
00000761  __aeabi_memclr                 
00000761  __aeabi_memclr4                
00000761  __aeabi_memclr8                
00000763  __aeabi_memset                 
00000763  __aeabi_memset4                
00000763  __aeabi_memset8                
00000769  memset                         
000007db  _system_post_cinit             
000007dd  __TI_auto_init                 
000008b9  _c_int00                       
0000090d  C$$EXIT                        
00000911  abort                          
00000919  exit                           
00000961  copy_in                        
000009ad  GPIOPinConfigure               
000009f5  UARTConfigSetExpClk            
00000a3d  SysCtlPeripheralReady          
00000a75  SysCtlPeripheralEnable         
00000aa9  GPIODirModeSet                 
00000ad5  UARTDisable                    
00000af5  GPIOPinTypeGPIOOutput          
00000b0d  _args_main                     
00000b25  UARTEnable                     
00000b39  _register_unlock               
00000b3f  _register_lock                 
00000b47  _nop                           
00000b4d  GPIOPinTypeUART                
00000b5f  UARTCharsAvail                 
00000b6d  __TI_decompress_none           
00000b7b  ResetISR                       
00000b87  UARTCharGet                    
00000b91  UARTCharPut                    
00000b9b  GPIOPinWrite                   
00000ba1  SysCtlDelay                    
00000ba7  __TI_decompress_rle24          
00000bad  _system_pre_init               
00000cc8  __TI_Handler_Table_Base        
00000cd0  __TI_CINIT_Base                
00000cd0  __TI_Handler_Table_Limit       
00000cd8  __TI_CINIT_Limit               
20000000  __stack                        
20000200  __STACK_END                    
20000200  __STACK_TOP                    
20000200  __TI_cleanup_ptr               
20000204  __TI_dtors_ptr                 
20000208  __TI_enable_exit_profile_output
2000020c  _lock                          
20000210  _unlock                        
20000214  main_func_sp                   
ffffffff  __TI_pprof_out_hndl            
ffffffff  __TI_prof_data_size            
ffffffff  __TI_prof_data_start           
ffffffff  __binit__                      
ffffffff  __c_args__                     
ffffffff  binit                          
UNDEFED   SHT$$INIT_ARRAY$$Base          
UNDEFED   SHT$$INIT_ARRAY$$Limit         

[69 symbols]
